[2026-09-23 16:20:26] queue started: 14 jobs, gpus=[0, 1, 2, 3], pid=2751210
[2026-09-23 16:21:07] STARTED math_s456_standard on GPU 0 (pid 2751532)
[2026-09-23 16:21:07] STARTED math_s456_poe on GPU 1 (pid 2751533)
[2026-09-23 16:21:07] STARTED math_s123_standard on GPU 2 (pid 2751534)
[2026-09-23 16:21:07] STARTED math_s123_poe on GPU 3 (pid 2751535)
[2026-09-24 10:05:49] PASSED math_s456_standard: gpu=0 exit=0 hours=17.74 peak_mib=44889 check=PASS
[2026-09-24 10:06:49] STARTED math_s789_standard on GPU 0 (pid 3087882)
[2026-09-24 10:07:50] PASSED math_s123_standard: gpu=2 exit=0 hours=17.78 peak_mib=42253 check=PASS
[2026-09-24 10:08:50] STARTED math_s789_poe on GPU 2 (pid 3088483)
[2026-09-24 12:02:11] FAILED math_s456_poe: gpu=1 exit=0 hours=19.68 peak_mib=44889 check=FAIL
[2026-09-24 12:03:11] STARTED gsm8k_s456_standard on GPU 1 (pid 3102785)
[2026-09-24 12:04:32] FAILED math_s123_poe: gpu=3 exit=0 hours=19.72 peak_mib=42121 check=FAIL
[2026-09-24 12:05:33] STARTED gsm8k_s456_poe on GPU 3 (pid 3103494)
[2026-09-24 20:45:44] PASSED gsm8k_s456_poe: gpu=3 exit=0 hours=8.66 peak_mib=42079 check=PASS
[2026-09-24 20:46:44] STARTED gsm8k_s123_standard on GPU 3 (pid 3212067)
[2026-09-24 20:47:47] PASSED gsm8k_s456_standard: gpu=1 exit=0 hours=8.74 peak_mib=37769 check=PASS
[2026-09-24 20:48:47] STARTED gsm8k_s123_poe on GPU 1 (pid 3212577)
[2026-09-25 03:54:15] PASSED math_s789_standard: gpu=0 exit=0 hours=17.78 peak_mib=45409 check=PASS
[2026-09-25 03:55:15] STARTED gsm8k_s789_standard on GPU 0 (pid 3360314)
[2026-09-25 05:33:43] PASSED gsm8k_s123_poe: gpu=1 exit=0 hours=8.75 peak_mib=44769 check=PASS
[2026-09-25 05:34:46] PASSED gsm8k_s123_standard: gpu=3 exit=0 hours=8.80 peak_mib=36929 check=PASS
[2026-09-25 05:34:46] STARTED gsm8k_s789_poe on GPU 1 (pid 3396040)
[2026-09-25 05:53:12] PASSED math_s789_poe: gpu=2 exit=0 hours=19.74 peak_mib=45169 check=PASS
[2026-09-25 12:39:27] PASSED gsm8k_s789_standard: gpu=0 exit=0 hours=8.73 peak_mib=33621 check=PASS
[2026-09-25 14:16:56] PASSED gsm8k_s789_poe: gpu=1 exit=0 hours=8.70 peak_mib=44181 check=PASS
[2026-09-25 14:16:56] queue finished: smoke_gsm8k=passed, smoke_math=passed, math_s456_standard=passed, math_s456_poe=passed, math_s123_standard=passed, math_s123_poe=passed, math_s789_standard=passed, math_s789_poe=passed, gsm8k_s456_standard=passed, gsm8k_s456_poe=passed, gsm8k_s123_standard=passed, gsm8k_s123_poe=passed, gsm8k_s789_standard=passed, gsm8k_s789_poe=passed
