Using CPython 3.11.16
Creating virtual environment with seed packages at: .venv
 + packaging==26.3
 + pip==26.2.1
 + setuptools==84.0.0
 + wheel==0.48.0
Activate with: source .venv/bin/activate
Resolved 25 packages in 1.88s
Downloading torch (848.0MiB)
Downloading sympy (6.0MiB)
Downloading networkx (2.0MiB)
Downloading nvidia-nccl-cu12 (307.4MiB)
Downloading triton (148.3MiB)
Downloading nvidia-cuda-nvrtc-cu12 (84.0MiB)
Downloading nvidia-cufft-cu12 (184.2MiB)
Downloading nvidia-cublas-cu12 (566.8MiB)
Downloading nvidia-cusolver-cu12 (255.1MiB)
Downloading nvidia-cuda-cupti-cu12 (9.8MiB)
Downloading nvidia-cufile-cu12 (1.1MiB)
Downloading nvidia-cusparselt-cu12 (273.9MiB)
Downloading nvidia-cusparse-cu12 (274.9MiB)
Downloading nvidia-nvjitlink-cu12 (37.4MiB)
Downloading nvidia-cudnn-cu12 (674.0MiB)
Downloading nvidia-curand-cu12 (60.7MiB)
 Downloaded nvidia-cufile-cu12
 Downloaded nvidia-cuda-cupti-cu12
 Downloaded nvidia-nvjitlink-cu12
 Downloaded networkx
 Downloaded nvidia-curand-cu12
 Downloaded nvidia-cuda-nvrtc-cu12
 Downloaded nvidia-cusparselt-cu12
 Downloaded nvidia-cusparse-cu12
 Downloaded nvidia-nccl-cu12
 Downloaded nvidia-cufft-cu12
 Downloaded nvidia-cublas-cu12
Downloading nvidia-cudnn-cu12 (674.0MiB)
Downloading nvidia-cusolver-cu12 (255.1MiB)
 Downloaded triton
 Downloaded sympy
 Downloaded nvidia-cusolver-cu12
 Downloaded nvidia-cudnn-cu12
 Downloaded torch
Prepared 24 packages in 1m 57s
Installed 24 packages in 38.66s
 + filelock==3.32.3
 + fsspec==2026.7.0
 + jinja2==3.1.6
 + markupsafe==3.0.3
 + mpmath==1.3.0
 + networkx==3.6.1
 + nvidia-cublas-cu12==12.8.4.1
 + nvidia-cuda-cupti-cu12==12.8.90
 + nvidia-cuda-nvrtc-cu12==12.8.93
 + nvidia-cuda-runtime-cu12==12.8.90
 + nvidia-cudnn-cu12==9.10.2.21
 + nvidia-cufft-cu12==11.3.3.83
 + nvidia-cufile-cu12==1.13.1.3
 + nvidia-curand-cu12==10.3.9.90
 + nvidia-cusolver-cu12==11.7.3.90
 + nvidia-cusparse-cu12==12.5.8.93
 + nvidia-cusparselt-cu12==0.7.1
 + nvidia-nccl-cu12==2.27.3
 + nvidia-nvjitlink-cu12==12.8.93
 + nvidia-nvtx-cu12==12.8.90
 + sympy==1.14.0
 + torch==2.8.0+cu128
 + triton==3.4.0
 + typing-extensions==4.16.0
Resolved 80 packages in 1.70s
Downloading fonttools (5.2MiB)
Downloading pillow (6.6MiB)
Downloading numpy (16.1MiB)
Downloading matplotlib (9.4MiB)
Downloading transformers (11.1MiB)
Downloading pandas (10.6MiB)
Downloading hf-transfer (3.4MiB)
 Downloaded hf-transfer
 Downloaded pillow
 Downloaded fonttools
 Downloaded matplotlib
 Downloaded numpy
 Downloaded pandas
 Downloaded transformers
Prepared 24 packages in 11.76s
Uninstalled 1 package in 57ms
Installed 55 packages in 7.84s
 + accelerate==1.10.1
 + aiohappyeyeballs==2.7.1
 + aiohttp==3.14.3
 + aiosignal==1.4.0
 + annotated-types==0.8.0
 + antlr4-python3-runtime==4.13.2
 + attrs==26.1.0
 + certifi==2026.7.22
 + charset-normalizer==3.5.1
 + contourpy==1.3.3
 + cycler==0.12.1
 + datasets==4.1.1
 + dill==0.4.0
 + fonttools==4.66.0
 + frozenlist==1.8.0
 - fsspec==2026.7.0
 + fsspec==2025.9.0
 + hf-transfer==0.1.9
 + hf-xet==1.6.0
 + huggingface-hub==0.36.2
 + idna==3.20
 + kiwisolver==1.5.1
 + latex2sympy2-extended==1.10.2
 + markdown-it-py==4.2.0
 + math-verify==0.8.0
 + matplotlib==3.11.2
 + mdurl==0.1.2
 + multidict==6.9.1
 + multiprocess==0.70.16
 + numpy==2.3.5
 + pandas==3.0.6
 + peft==0.17.1
 + pillow==12.3.0
 + propcache==0.5.4
 + psutil==7.2.2
 + pyarrow==25.0.1
 + pydantic==2.13.5
 + pydantic-core==2.46.5
 + pygments==2.21.0
 + pyparsing==3.3.3
 + python-dateutil==2.9.0.post0
 + pyyaml==6.0.3
 + regex==2026.9.10
 + requests==2.34.2
 + rich==15.0.0
 + safetensors==0.8.0
 + sentencepiece==0.2.2
 + six==1.17.0
 + tokenizers==0.22.2
 + tqdm==4.70.1
 + transformers==4.56.2
 + trl==0.23.1
 + typing-inspection==0.4.4
 + urllib3==2.8.0
 + xxhash==4.0.1
 + yarl==1.25.1
Resolved 27 packages in 4.99s
Downloading flash-attn (244.2MiB)
 Downloaded flash-attn
Prepared 1 package in 14.82s
Installed 2 packages in 366ms
 + einops==0.8.2
 + flash-attn==2.8.3+cu12torch2.8cxx11abitrue (from https://github.com/Dao-AILab/flash-attention/releases/download/v2.8.3/flash_attn-2.8.3+cu12torch2.8cxx11abiTRUE-cp311-cp311-linux_x86_64.whl)
Resolved 1 package in 5ms
   Building antidistillation-clean @ file:///storage1/projects/aliasgarov/Distillation/distillation-game
      Built antidistillation-clean @ file:///storage1/projects/aliasgarov/Distillation/distillation-game
Prepared 1 package in 5.40s
Installed 1 package in 46ms
 + antidistillation-clean==0.1.0 (from file:///storage1/projects/aliasgarov/Distillation/distillation-game)
torch 2.8.0+cu128 cuda 12.8 | transformers 4.56.2 | trl 0.23.1 | peft 0.17.1 | datasets 4.1.1 | flash_attn 2.8.3
